../toast/conf/html/conf.spec
../toast/conf/xhtml/conf.spec
../toast/coop/corrupt/corrupt.spec
../toast/coop/corrupt/corrupt1.spec
../toast/coop/corrupt/corrupt2.spec
../toast/coop/corrupt/corrupt512.spec
../toast/coop/css/css.spec
../toast/coop/schema-abc/abc.spec
../toast/coop/oct21/living.spec
../toast/csp/1/csp.spec
../toast/csp/2/csp.spec
../toast/csp/3/csp.spec
../toast/css/1/css.spec
../toast/css/2.0/css.spec
../toast/css/2.1/css.spec
../toast/css/2.2/css.spec
../toast/css/3-animation/css.spec
../toast/css/4-animation/css.spec
../toast/css/3-background/css.spec
../toast/css/3-box-model/css.spec
../toast/css/4-box-model/css.spec
../toast/css/3-box-sizing/css.spec
../toast/css/3-cascade/css.spec
../toast/css/4-cascade/css.spec
../toast/css/5-cascade/css.spec
../toast/css/6-cascade/css.spec
../toast/css/3-colour/css.spec
../toast/css/4-colour/css.spec
../toast/css/5-colour/css.spec
../toast/css/3-compositing/css.spec
../toast/css/3-cr/css.spec
../toast/css/3-cs/css.spec
../toast/css/3-display/css.spec
../toast/css/3-fbl/css.spec
../toast/css/3-font/css.spec
../toast/css/4-font/css.spec
../toast/css/5-font/css.spec
../toast/css/4-frag/css.spec
../toast/css/3-mc/css.spec
../toast/css/3-media/css.spec
../toast/css/4-media/css.spec
../toast/css/5-media/css.spec
../toast/css/3-ns/css.spec
../toast/css/3-overflow/css.spec
../toast/css/3-position/css.spec
../toast/css/3-sel/css.spec
../toast/css/4-sel/css.spec
../toast/css/3-style/css.spec
../toast/css/3-syntax/css.spec
../toast/css/3-trans/css.spec
../toast/css/3-ui/css.spec
../toast/css/4-ui/css.spec
../toast/css/3-value/css.spec
../toast/css/4-value/css.spec
../toast/css/accessibility/css.spec
../toast/css/ease/css.spec
../toast/css/custom/css.spec
../toast/css/songlight/css.spec
../toast/HTML/1.0/html1.spec
../toast/HTML/2.0/html2.spec
../toast/HTML/3.0/html3.spec
../toast/HTML/3.2/html32.spec
../toast/HTML/4.00/html4.spec
../toast/HTML/4.01/html4.spec
../toast/HTML/5.0/html5.spec
../toast/HTML/5.1/html5.spec
../toast/HTML/5.2/html5.spec
../toast/HTML/5.3/html5.spec
../toast/HTML/5.4/html5.spec
../toast/HTML/minimal/minimal.spec
../toast/HTML/Plus/plus.spec
../toast/HTML/tags/tags.spec
../toast/json-ld/as/jsonld.spec
../toast/json-ld/schemaorg/jsonld.spec
../toast/link/external/link.spec
../toast/link/link/link.spec
../toast/living/jul07/living.spec
../toast/living/jan08/living.spec
../toast/living/jul08/living.spec
../toast/living/jan09/living.spec
../toast/living/jul09/living.spec
../toast/living/jan10/living.spec
../toast/living/jul10/living.spec
../toast/living/jan11/living.spec
../toast/living/jul11/living.spec
../toast/living/jan12/living.spec
../toast/living/jul12/living.spec
../toast/living/jan13/living.spec
../toast/living/jul13/living.spec
../toast/living/jan14/living.spec
../toast/living/jul14/living.spec
../toast/living/jan15/living.spec
../toast/living/jul15/living.spec
../toast/living/jan16/living.spec
../toast/living/jul16/living.spec
../toast/living/jan17/living.spec
../toast/living/jul17/living.spec
../toast/living/jan18/living.spec
../toast/living/jul18/living.spec
../toast/living/jan19/living.spec
../toast/living/jul19/living.spec
../toast/living/jan20/living.spec
../toast/living/jul20/living.spec
../toast/living/jan21/living.spec
../toast/living/apr21/living.spec
../toast/living/jul21/living.spec
../toast/living/oct21/living.spec
../toast/living/jan22/living.spec
../toast/living/apr22/living.spec
../toast/living/jul22/living.spec
../toast/living/oct22/living.spec
../toast/living/jan23/living.spec
../toast/living/apr23/living.spec
../toast/living/jul23/living.spec
../toast/math/1/math.spec
../toast/math/2/math.spec
../toast/math/3/math.spec
../toast/math/4-20/math.spec
../toast/math/4-22/math.spec
../toast/math/4-core/math.spec
../toast/microdata/12/schema.spec
../toast/microdata/addendum/add.spec
../toast/microdata/basic/basic.spec
../toast/microdata/export/export.spec
../toast/microdata/microformats/mf.spec
../toast/microdata/schema-abc/abc.spec
../toast/microdata/schema-defg/defg.spec
../toast/microdata/schema-hijkl/hijkl.spec
../toast/microdata/schema-mno/mno.spec
../toast/microdata/schema-pqrs/pqrs.spec
../toast/microdata/schema-tuv/tuv.spec
../toast/microdata/schema-wxyz/wxyz.spec
../toast/microformats/mf1/mf1.spec
../toast/microformats/mf2/mf2.spec
../toast/microformats/rel/rel.spec
../toast/other/abbr/abbr.spec
../toast/other/aria/aria.spec
../toast/other/base/base.spec
../toast/other/characters/chars.spec
../toast/other/clacks/clacks.spec
../toast/other/CSS/css.spec
../toast/other/dfn/dfn.spec
../toast/other/dump/dump.spec
../toast/other/ignore/ignore.spec
../toast/other/img/img.spec
../toast/other/incorrectness/incorrectness.spec
../toast/other/live/live.spec
../toast/other/nits/nits.spec
../toast/other/parsing/parsing.spec
../toast/other/pattern/pattern.spec
../toast/other/simple/simple.spec
../toast/other/ssi/ssi.spec
../toast/RDFa/1.1.3/rdfa.spec
../toast/RDFa/cc/rdfa.spec
../toast/RDFa/dc/rdfa.spec
../toast/RDFa/foaf/rdfa.spec
../toast/RDFa/gr/rdfa.spec
../toast/RDFa/grddl/rdfa.spec
../toast/RDFa/imported/rdfa.spec
../toast/RDFa/lrdw/rdfa.spec
../toast/RDFa/role/rdfa.spec
../toast/RDFa/rs/rdfa.spec
../toast/RDFa/schema/rdfa.spec
../toast/RDFa/sioc/rdfa.spec
../toast/RDFa/vcard/rdfa.spec
../toast/RDFa/vcard-2/rdfa.spec
../toast/RDFa/vcard-3/rdfa.spec
../toast/RDFa/vcard-4/rdfa.spec
../toast/RDFa/xsd/rdfa.spec
../toast/shadow/comment/comment.spec
../toast/shadow/copy/copy.spec
../toast/shadow/copydiff/copydiff.spec
../toast/shadow/copyover/copyover.spec
../toast/shadow/css/css.spec
../toast/shadow/dedu/dedu.spec
../toast/shadow/dedudiff/dedudiff.spec
../toast/shadow/deduover/deduover.spec
../toast/shadow/delete/delete.spec
../toast/shadow/hard/hard.spec
../toast/shadow/pages/pages.spec
../toast/shadow/soft/soft.spec
../toast/shadow/softover/softover.spec
../toast/shadow/ssi/ssi.spec
../toast/shadow/update/update.spec
../toast/snippet/conf/snippet.spec
../toast/snippet/kiwi/snippet.spec
../toast/spell/case/spell.spec
../toast/spell/noicu/spell.spec
../toast/spell/spell/spell.spec
../toast/stats/CSS/stats.spec
../toast/stats/detail/stats.spec
../toast/stats/single/stats.spec
../toast/stats/summary/stats.spec
../toast/SVG/1.0/svg.spec
../toast/SVG/1.1/svg.spec
../toast/SVG/1.2/svg.spec
../toast/SVG/1.2-full/svg.spec
../toast/SVG/2.0/svg.spec
../toast/SVG/2.1/svg.spec
../toast/type/colour/colour.spec
../toast/type/custom/custom.spec
../toast/type/httpequiv/httpequiv.spec
../toast/type/lang/lang.spec
../toast/type/metaname/metaname.spec
../toast/type/mimetype/mimetype.spec
../toast/type/sgml/sgml.spec
../toast/type/url/url.spec
../toast/w3/3663/w3.spec
../toast/w3/12458/w3.spec
../toast/w3/acefh/w3.spec
../toast/w3/bogus/w3.spec
../toast/w3/charset/w3.spec
../toast/w3/html20/w3.spec
../toast/w3/html40/w3.spec
../toast/w3/html401/w3.spec
../toast/w3/html5/w3.spec
../toast/w3/imnop/w3.spec
../toast/w3/mathml/w3.spec
../toast/w3/rddl/w3.spec
../toast/w3/rstuw/w3.spec
../toast/w3/sgml/w3.spec
../toast/w3/smil/w3.spec
../toast/w3/svg/w3.spec
../toast/w3/text/w3.spec
../toast/w3/xhtml/w3.spec
../toast/w3/xml/w3.spec
../toast/webapps/jan05/webapps.spec
../toast/webapps/jul05/webapps.spec
../toast/webapps/jan06/webapps.spec
../toast/webapps/jul06/webapps.spec
../toast/webapps/jan07/webapps.spec
../toast/XHTML/1.0/xhtml1.spec
../toast/XHTML/1.1/xhtml11.spec
../toast/XHTML/2.0/xhtml2.spec
../toast/XHTML/5.0/xhtml5.spec
../toast/output/html/output.spec
../toast/output/out/output.spec
../toast/output/test/output.spec
../toast/output/text/output.spec
../toast/output/xhtml/output.spec
