../toast/stats/CSS/stats.spec
../toast/stats/CSS-6/stats.spec
../toast/stats/CSS-6/stats-annotation.spec
../toast/stats/CSS-6/stats-character-variant.spec
../toast/stats/CSS-6/stats-content-name.spec
../toast/stats/CSS-6/stats-counter-style.spec
../toast/stats/CSS-6/stats-css-property.spec
../toast/stats/CSS-6/stats-custom-media.spec
../toast/stats/CSS-6/stats-custom-property.spec
../toast/stats/CSS-6/stats-font.spec
../toast/stats/CSS-6/stats-font-family.spec
../toast/stats/CSS-6/stats-highlight.spec
../toast/stats/CSS-6/stats-historical-form.spec
../toast/stats/CSS-6/stats-keyframe.spec
../toast/stats/CSS-6/stats-layer.spec
../toast/stats/CSS-6/stats-ornament.spec
../toast/stats/CSS-6/stats-page-name.spec
../toast/stats/CSS-6/stats-palette.spec
../toast/stats/CSS-6/stats-region.spec
../toast/stats/CSS-6/stats-scroll-anim.spec
../toast/stats/CSS-6/stats-statement.spec
../toast/stats/CSS-6/stats-styleset.spec
../toast/stats/CSS-6/stats-stylistic.spec
../toast/stats/CSS-6/stats-swash.spec
../toast/stats/CSS-6/stats-view.spec
../toast/stats/detail/stats.spec
../toast/stats/detail/stats-abbreviation.spec
../toast/stats/detail/stats-category.spec
../toast/stats/detail/stats-class.spec
../toast/stats/detail/stats-definition.spec
../toast/stats/detail/stats-element.spec
../toast/stats/detail/stats-file.spec
../toast/stats/detail/stats-id.spec
../toast/stats/detail/stats-meta.spec
../toast/stats/detail/stats-name-value.spec
../toast/stats/detail/stats-ontology.spec
../toast/stats/detail/stats-reference.spec
../toast/stats/detail/stats-version.spec
../toast/stats/single/stats.spec
../toast/stats/summary/stats.spec
