../toast/HTML/1.0/html1.spec
../toast/HTML/2.0/html2.spec
../toast/HTML/3.0/html3.spec
../toast/HTML/3.2/html32.spec
../toast/HTML/4.00/html4.spec
../toast/HTML/4.01/html4.spec
../toast/HTML/5.0/html5.spec
../toast/HTML/5.1/html5.spec
../toast/HTML/5.2/html5.spec
../toast/HTML/5.3/html5.spec
../toast/HTML/5.4/html5.spec
../toast/HTML/minimal/minimal.spec
../toast/HTML/Plus/plus.spec
../toast/HTML/tags/tags.spec
../toast/link/link.spec
../toast/math/1/math.spec
../toast/math/2/math.spec
../toast/math/3/math.spec
../toast/microdata/addendum/add.spec
../toast/microdata/basic/basic.spec
../toast/microdata/export/export.spec
../toast/microdata/schema-abc/abc.spec
../toast/microdata/schema-defg/defg.spec
../toast/microdata/schema-hijkl/hijkl.spec
../toast/microdata/schema-mno/mno.spec
../toast/microdata/schema-pqrs/pqrs.spec
../toast/microdata/schema-tuv/tuv.spec
../toast/microdata/schema-wxyz/wxyz.spec
../toast/microformats/mf1/mf1.spec
../toast/microformats/mf2/mf2.spec
../toast/microformats/rel/rel.spec
../toast/other/CSS/css.spec
../toast/other/ignore/ignore.spec
../toast/other/nits/nits.spec
../toast/other/parsing/parsing.spec
../toast/other/RDF/rdf.spec
../toast/other/simple/simple.spec
../toast/other/ssi/ssi.spec
../toast/shadow/dedu/dedu.spec
../toast/SVG/1.0/svg.spec
../toast/SVG/1.1/svg.spec
../toast/stats/detail/stats.spec
../toast/stats/single/stats.spec
../toast/stats/summary/stats.spec
../toast/type/colour/colour.spec
../toast/type/lang/lang.spec
../toast/type/metaname/metaname.spec
../toast/type/mimetype/mimetype.spec
../toast/type/sgml/sgml.spec
../toast/type/url/url.spec
../toast/XHTML/1.0/xhtml1.spec
../toast/XHTML/1.1/xhtml11.spec
../toast/XHTML/2.0/xhtml2.spec
