tests/CSS/css.spec
tests/HTML/1.0/html1.spec
tests/HTML/2.0/html2.spec
tests/HTML/3.0/html3.spec
tests/HTML/3.2/html32.spec
tests/HTML/4.00/html4.spec
tests/HTML/4.01/html4.spec
tests/HTML/5.0/html5.spec
tests/HTML/5.1/html5.spec
tests/HTML/5.2/html5.spec
tests/HTML/5.3/html5.spec
tests/HTML/5.4/html5.spec
tests/HTML/minimal/minimal.spec
tests/HTML/Plus/plus.spec
tests/HTML/tags/tags.spec
tests/link/link.spec
tests/microdata/addendum/add.spec
tests/microdata/basic/basic.spec
tests/microdata/export/export.spec
tests/microdata/schema-abc/abc.spec
tests/microdata/schema-defg/defg.spec
tests/microdata/schema-hijkl/hijkl.spec
tests/microdata/schema-mno/mno.spec
tests/microdata/schema-pqrs/pqrs.spec
tests/microdata/schema-tuv/tuv.spec
tests/microdata/schema-wxyz/wxyz.spec
tests/microformats/mf1/mf1.spec
tests/microformats/mf2/mf2.spec
tests/microformats/rel/rel.spec
tests/parsing/parsing.spec
tests/simple/simple.spec
tests/ssi/ssi.spec
tests/SVG/1.0/svg.spec
tests/SVG/1.1/svg.spec
tests/stats/detail/stats.spec
tests/stats/single/stats.spec
tests/stats/summary/stats.spec
tests/type/metaname/metaname.spec
tests/type/mimetype/mimetype.spec
tests/type/url/url.spec
tests/XHTML/1.0/xhtml1.spec
tests/XHTML/1.1/xhtml11.spec
tests/XHTML/2.0/xhtml2.spec
